// Jest Snapshot v1, https://goo.gl/fbAQLP

exports[`Nav renders the Nav component completely and correctly 1`] = `
Object {
  "asFragment": [Function],
  "baseElement": <body>
    <div>
      <div
        class="css-0"
      >
        <div
          class="css-1rgb79v"
        >
          <div
            class="css-1gippar"
          >
            <a
              href="/"
            >
              Home
            </a>
            <a
              href="/leaderboard"
            >
              Leaderboard
            </a>
            <a
              href="/add"
            >
              New
            </a>
          </div>
          <div
            class="css-1d6oiat"
          >
            <div
              class="css-rvp98e"
            >
              <img
                class="chakra-image css-1u7uhqd"
              />
              <p
                class="chakra-text css-0"
              />
            </div>
            <button
              class="chakra-button css-4wn91n"
              data-testid="dark-btn"
              type="button"
              value="dark"
            >
              <svg
                fill="currentColor"
                height="1em"
                stroke="currentColor"
                stroke-width="0"
                viewBox="0 0 512 512"
                width="1em"
                xmlns="http://www.w3.org/2000/svg"
              >
                <path
                  d="M256 48v48m0 320v48m147.08-355.08l-33.94 33.94M142.86 369.14l-33.94 33.94M464 256h-48m-320 0H48m355.08 147.08l-33.94-33.94M142.86 142.86l-33.94-33.94"
                  fill="none"
                  stroke-linecap="round"
                  stroke-miterlimit="10"
                  stroke-width="32"
                />
                <circle
                  cx="256"
                  cy="256"
                  fill="none"
                  r="80"
                  stroke-linecap="round"
                  stroke-miterlimit="10"
                  stroke-width="32"
                />
              </svg>
            </button>
            <button
              class="chakra-button css-yo5twi"
              type="button"
            >
              Logout
              <svg
                fill="currentColor"
                font-size="1.3rem"
                height="1em"
                stroke="currentColor"
                stroke-width="0"
                viewBox="0 0 512 512"
                width="1em"
                xmlns="http://www.w3.org/2000/svg"
              >
                <path
                  d="M304 336v40a40 40 0 01-40 40H104a40 40 0 01-40-40V136a40 40 0 0140-40h152c22.09 0 48 17.91 48 40v40m64 160l80-80-80-80m-192 80h256"
                  fill="none"
                  stroke-linecap="round"
                  stroke-linejoin="round"
                  stroke-width="32"
                />
              </svg>
            </button>
          </div>
        </div>
      </div>
    </div>
  </body>,
  "container": <div>
    <div
      class="css-0"
    >
      <div
        class="css-1rgb79v"
      >
        <div
          class="css-1gippar"
        >
          <a
            href="/"
          >
            Home
          </a>
          <a
            href="/leaderboard"
          >
            Leaderboard
          </a>
          <a
            href="/add"
          >
            New
          </a>
        </div>
        <div
          class="css-1d6oiat"
        >
          <div
            class="css-rvp98e"
          >
            <img
              class="chakra-image css-1u7uhqd"
            />
            <p
              class="chakra-text css-0"
            />
          </div>
          <button
            class="chakra-button css-4wn91n"
            data-testid="dark-btn"
            type="button"
            value="dark"
          >
            <svg
              fill="currentColor"
              height="1em"
              stroke="currentColor"
              stroke-width="0"
              viewBox="0 0 512 512"
              width="1em"
              xmlns="http://www.w3.org/2000/svg"
            >
              <path
                d="M256 48v48m0 320v48m147.08-355.08l-33.94 33.94M142.86 369.14l-33.94 33.94M464 256h-48m-320 0H48m355.08 147.08l-33.94-33.94M142.86 142.86l-33.94-33.94"
                fill="none"
                stroke-linecap="round"
                stroke-miterlimit="10"
                stroke-width="32"
              />
              <circle
                cx="256"
                cy="256"
                fill="none"
                r="80"
                stroke-linecap="round"
                stroke-miterlimit="10"
                stroke-width="32"
              />
            </svg>
          </button>
          <button
            class="chakra-button css-yo5twi"
            type="button"
          >
            Logout
            <svg
              fill="currentColor"
              font-size="1.3rem"
              height="1em"
              stroke="currentColor"
              stroke-width="0"
              viewBox="0 0 512 512"
              width="1em"
              xmlns="http://www.w3.org/2000/svg"
            >
              <path
                d="M304 336v40a40 40 0 01-40 40H104a40 40 0 01-40-40V136a40 40 0 0140-40h152c22.09 0 48 17.91 48 40v40m64 160l80-80-80-80m-192 80h256"
                fill="none"
                stroke-linecap="round"
                stroke-linejoin="round"
                stroke-width="32"
              />
            </svg>
          </button>
        </div>
      </div>
    </div>
  </div>,
  "debug": [Function],
  "findAllByAltText": [Function],
  "findAllByDisplayValue": [Function],
  "findAllByLabelText": [Function],
  "findAllByPlaceholderText": [Function],
  "findAllByRole": [Function],
  "findAllByTestId": [Function],
  "findAllByText": [Function],
  "findAllByTitle": [Function],
  "findByAltText": [Function],
  "findByDisplayValue": [Function],
  "findByLabelText": [Function],
  "findByPlaceholderText": [Function],
  "findByRole": [Function],
  "findByTestId": [Function],
  "findByText": [Function],
  "findByTitle": [Function],
  "getAllByAltText": [Function],
  "getAllByDisplayValue": [Function],
  "getAllByLabelText": [Function],
  "getAllByPlaceholderText": [Function],
  "getAllByRole": [Function],
  "getAllByTestId": [Function],
  "getAllByText": [Function],
  "getAllByTitle": [Function],
  "getByAltText": [Function],
  "getByDisplayValue": [Function],
  "getByLabelText": [Function],
  "getByPlaceholderText": [Function],
  "getByRole": [Function],
  "getByTestId": [Function],
  "getByText": [Function],
  "getByTitle": [Function],
  "queryAllByAltText": [Function],
  "queryAllByDisplayValue": [Function],
  "queryAllByLabelText": [Function],
  "queryAllByPlaceholderText": [Function],
  "queryAllByRole": [Function],
  "queryAllByTestId": [Function],
  "queryAllByText": [Function],
  "queryAllByTitle": [Function],
  "queryByAltText": [Function],
  "queryByDisplayValue": [Function],
  "queryByLabelText": [Function],
  "queryByPlaceholderText": [Function],
  "queryByRole": [Function],
  "queryByTestId": [Function],
  "queryByText": [Function],
  "queryByTitle": [Function],
  "rerender": [Function],
  "unmount": [Function],
}
`;
